Archive member included to satisfy reference by file (symbol)

/opt/st/stm32cubeide_1.12.0/plugins/com.st.stm32cube.ide.mcu.externaltools.gnu-tools-for-stm32.10.3-2021.10.linux64_1.0.200.202301161003/tools/bin/../lib/gcc/arm-none-eabi/10.3.1/../../../../arm-none-eabi/lib/thumb/v7e-m+fp/hard/libc_nano.a(lib_a-errno.o)
                              ./Core/Src/syscalls.o (__errno)
/opt/st/stm32cubeide_1.12.0/plugins/com.st.stm32cube.ide.mcu.externaltools.gnu-tools-for-stm32.10.3-2021.10.linux64_1.0.200.202301161003/tools/bin/../lib/gcc/arm-none-eabi/10.3.1/../../../../arm-none-eabi/lib/thumb/v7e-m+fp/hard/libc_nano.a(lib_a-exit.o)
                              /opt/st/stm32cubeide_1.12.0/plugins/com.st.stm32cube.ide.mcu.externaltools.gnu-tools-for-stm32.10.3-2021.10.linux64_1.0.200.202301161003/tools/bin/../lib/gcc/arm-none-eabi/10.3.1/../../../../arm-none-eabi/lib/thumb/v7e-m+fp/hard/crt0.o (exit)
/opt/st/stm32cubeide_1.12.0/plugins/com.st.stm32cube.ide.mcu.externaltools.gnu-tools-for-stm32.10.3-2021.10.linux64_1.0.200.202301161003/tools/bin/../lib/gcc/arm-none-eabi/10.3.1/../../../../arm-none-eabi/lib/thumb/v7e-m+fp/hard/libc_nano.a(lib_a-impure.o)
                              /opt/st/stm32cubeide_1.12.0/plugins/com.st.stm32cube.ide.mcu.externaltools.gnu-tools-for-stm32.10.3-2021.10.linux64_1.0.200.202301161003/tools/bin/../lib/gcc/arm-none-eabi/10.3.1/../../../../arm-none-eabi/lib/thumb/v7e-m+fp/hard/libc_nano.a(lib_a-exit.o) (_global_impure_ptr)
/opt/st/stm32cubeide_1.12.0/plugins/com.st.stm32cube.ide.mcu.externaltools.gnu-tools-for-stm32.10.3-2021.10.linux64_1.0.200.202301161003/tools/bin/../lib/gcc/arm-none-eabi/10.3.1/../../../../arm-none-eabi/lib/thumb/v7e-m+fp/hard/libc_nano.a(lib_a-init.o)
                              /opt/st/stm32cubeide_1.12.0/plugins/com.st.stm32cube.ide.mcu.externaltools.gnu-tools-for-stm32.10.3-2021.10.linux64_1.0.200.202301161003/tools/bin/../lib/gcc/arm-none-eabi/10.3.1/../../../../arm-none-eabi/lib/thumb/v7e-m+fp/hard/crt0.o (__libc_init_array)
/opt/st/stm32cubeide_1.12.0/plugins/com.st.stm32cube.ide.mcu.externaltools.gnu-tools-for-stm32.10.3-2021.10.linux64_1.0.200.202301161003/tools/bin/../lib/gcc/arm-none-eabi/10.3.1/../../../../arm-none-eabi/lib/thumb/v7e-m+fp/hard/libc_nano.a(lib_a-memset.o)
                              /opt/st/stm32cubeide_1.12.0/plugins/com.st.stm32cube.ide.mcu.externaltools.gnu-tools-for-stm32.10.3-2021.10.linux64_1.0.200.202301161003/tools/bin/../lib/gcc/arm-none-eabi/10.3.1/../../../../arm-none-eabi/lib/thumb/v7e-m+fp/hard/crt0.o (memset)
/opt/st/stm32cubeide_1.12.0/plugins/com.st.stm32cube.ide.mcu.externaltools.gnu-tools-for-stm32.10.3-2021.10.linux64_1.0.200.202301161003/tools/bin/../lib/gcc/arm-none-eabi/10.3.1/thumb/v7e-m+fp/hard/libgcc.a(_arm_muldf3.o)
                              ./Core/Src/keypad.o (__aeabi_dmul)
/opt/st/stm32cubeide_1.12.0/plugins/com.st.stm32cube.ide.mcu.externaltools.gnu-tools-for-stm32.10.3-2021.10.linux64_1.0.200.202301161003/tools/bin/../lib/gcc/arm-none-eabi/10.3.1/thumb/v7e-m+fp/hard/libgcc.a(_arm_addsubdf3.o)
                              ./Core/Src/keypad.o (__aeabi_i2d)
/opt/st/stm32cubeide_1.12.0/plugins/com.st.stm32cube.ide.mcu.externaltools.gnu-tools-for-stm32.10.3-2021.10.linux64_1.0.200.202301161003/tools/bin/../lib/gcc/arm-none-eabi/10.3.1/thumb/v7e-m+fp/hard/libgcc.a(_arm_cmpdf2.o)
                              ./Core/Src/keypad.o (__aeabi_dcmpgt)

Discarded input sections

 .text          0x0000000000000000        0x0 /opt/st/stm32cubeide_1.12.0/plugins/com.st.stm32cube.ide.mcu.externaltools.gnu-tools-for-stm32.10.3-2021.10.linux64_1.0.200.202301161003/tools/bin/../lib/gcc/arm-none-eabi/10.3.1/thumb/v7e-m+fp/hard/crti.o
 .data          0x0000000000000000        0x0 /opt/st/stm32cubeide_1.12.0/plugins/com.st.stm32cube.ide.mcu.externaltools.gnu-tools-for-stm32.10.3-2021.10.linux64_1.0.200.202301161003/tools/bin/../lib/gcc/arm-none-eabi/10.3.1/thumb/v7e-m+fp/hard/crti.o
 .bss           0x0000000000000000        0x0 /opt/st/stm32cubeide_1.12.0/plugins/com.st.stm32cube.ide.mcu.externaltools.gnu-tools-for-stm32.10.3-2021.10.linux64_1.0.200.202301161003/tools/bin/../lib/gcc/arm-none-eabi/10.3.1/thumb/v7e-m+fp/hard/crti.o
 .data          0x0000000000000000        0x4 /opt/st/stm32cubeide_1.12.0/plugins/com.st.stm32cube.ide.mcu.externaltools.gnu-tools-for-stm32.10.3-2021.10.linux64_1.0.200.202301161003/tools/bin/../lib/gcc/arm-none-eabi/10.3.1/thumb/v7e-m+fp/hard/crtbegin.o
 .rodata        0x0000000000000000       0x24 /opt/st/stm32cubeide_1.12.0/plugins/com.st.stm32cube.ide.mcu.externaltools.gnu-tools-for-stm32.10.3-2021.10.linux64_1.0.200.202301161003/tools/bin/../lib/gcc/arm-none-eabi/10.3.1/thumb/v7e-m+fp/hard/crtbegin.o
 .text          0x0000000000000000       0x7c /opt/st/stm32cubeide_1.12.0/plugins/com.st.stm32cube.ide.mcu.externaltools.gnu-tools-for-stm32.10.3-2021.10.linux64_1.0.200.202301161003/tools/bin/../lib/gcc/arm-none-eabi/10.3.1/../../../../arm-none-eabi/lib/thumb/v7e-m+fp/hard/crt0.o
[...]
Memory Configuration

Name             Origin             Length             Attributes
RAM              0x0000000020000000 0x0000000000018000 xrw
RAM2             0x0000000010000000 0x0000000000008000 xrw
FLASH            0x0000000008000000 0x0000000000100000 xr
*default*        0x0000000000000000 0xffffffffffffffff

Linker script and memory map

LOAD /opt/st/stm32cubeide_1.12.0/plugins/com.st.stm32cube.ide.mcu.externaltools.gnu-tools-for-stm32.10.3-2021.10.linux64_1.0.200.202301161003/tools/bin/../lib/gcc/arm-none-eabi/10.3.1/thumb/v7e-m+fp/hard/crti.o
LOAD /opt/st/stm32cubeide_1.12.0/plugins/com.st.stm32cube.ide.mcu.externaltools.gnu-tools-for-stm32.10.3-2021.10.linux64_1.0.200.202301161003/tools/bin/../lib/gcc/arm-none-eabi/10.3.1/thumb/v7e-m+fp/hard/crtbegin.o
LOAD /opt/st/stm32cubeide_1.12.0/plugins/com.st.stm32cube.ide.mcu.externaltools.gnu-tools-for-stm32.10.3-2021.10.linux64_1.0.200.202301161003/tools/bin/../lib/gcc/arm-none-eabi/10.3.1/../../../../arm-none-eabi/lib/thumb/v7e-m+fp/hard/crt0.o
LOAD ./Core/Src/7seg.o
LOAD ./Core/Src/helper_functions.o
LOAD ./Core/Src/keypad.o
LOAD ./Core/Src/main.o
LOAD ./Core/Src/stm32l4xx_hal_msp.o
LOAD ./Core/Src/stm32l4xx_it.o
LOAD ./Core/Src/syscalls.o
LOAD ./Core/Src/sysmem.o
LOAD ./Core/Src/system_stm32l4xx.o
LOAD ./Core/Startup/startup_stm32l476rgtx.o
LOAD ./Drivers/STM32L4xx_HAL_Driver/Src/stm32l4xx_hal.o
LOAD ./Drivers/STM32L4xx_HAL_Driver/Src/stm32l4xx_hal_cortex.o
LOAD ./Drivers/STM32L4xx_HAL_Driver/Src/stm32l4xx_hal_dma.o
LOAD ./Drivers/STM32L4xx_HAL_Driver/Src/stm32l4xx_hal_dma_ex.o
LOAD ./Drivers/STM32L4xx_HAL_Driver/Src/stm32l4xx_hal_exti.o
LOAD ./Drivers/STM32L4xx_HAL_Driver/Src/stm32l4xx_hal_flash.o
LOAD ./Drivers/STM32L4xx_HAL_Driver/Src/stm32l4xx_hal_flash_ex.o
LOAD ./Drivers/STM32L4xx_HAL_Driver/Src/stm32l4xx_hal_flash_ramfunc.o
LOAD ./Drivers/STM32L4xx_HAL_Driver/Src/stm32l4xx_hal_gpio.o
LOAD ./Drivers/STM32L4xx_HAL_Driver/Src/stm32l4xx_hal_pwr.o
LOAD ./Drivers/STM32L4xx_HAL_Driver/Src/stm32l4xx_hal_pwr_ex.o
LOAD ./Drivers/STM32L4xx_HAL_Driver/Src/stm32l4xx_hal_rcc.o
LOAD ./Drivers/STM32L4xx_HAL_Driver/Src/stm32l4xx_hal_rcc_ex.o
START GROUP
LOAD /opt/st/stm32cubeide_1.12.0/plugins/com.st.stm32cube.ide.mcu.externaltools.gnu-tools-for-stm32.10.3-2021.10.linux64_1.0.200.202301161003/tools/bin/../lib/gcc/arm-none-eabi/10.3.1/../../../../arm-none-eabi/lib/thumb/v7e-m+fp/hard/libc_nano.a
LOAD /opt/st/stm32cubeide_1.12.0/plugins/com.st.stm32cube.ide.mcu.externaltools.gnu-tools-for-stm32.10.3-2021.10.linux64_1.0.200.202301161003/tools/bin/../lib/gcc/arm-none-eabi/10.3.1/../../../../arm-none-eabi/lib/thumb/v7e-m+fp/hard/libm.a
END GROUP
START GROUP
LOAD /opt/st/stm32cubeide_1.12.0/plugins/com.st.stm32cube.ide.mcu.externaltools.gnu-tools-for-stm32.10.3-2021.10.linux64_1.0.200.202301161003/tools/bin/../lib/gcc/arm-none-eabi/10.3.1/thumb/v7e-m+fp/hard/libgcc.a
LOAD /opt/st/stm32cubeide_1.12.0/plugins/com.st.stm32cube.ide.mcu.externaltools.gnu-tools-for-stm32.10.3-2021.10.linux64_1.0.200.202301161003/tools/bin/../lib/gcc/arm-none-eabi/10.3.1/../../../../arm-none-eabi/lib/thumb/v7e-m+fp/hard/libc_nano.a
END GROUP
START GROUP
LOAD /opt/st/stm32cubeide_1.12.0/plugins/com.st.stm32cube.ide.mcu.externaltools.gnu-tools-for-stm32.10.3-2021.10.linux64_1.0.200.202301161003/tools/bin/../lib/gcc/arm-none-eabi/10.3.1/thumb/v7e-m+fp/hard/libgcc.a
LOAD /opt/st/stm32cubeide_1.12.0/plugins/com.st.stm32cube.ide.mcu.externaltools.gnu-tools-for-stm32.10.3-2021.10.linux64_1.0.200.202301161003/tools/bin/../lib/gcc/arm-none-eabi/10.3.1/../../../../arm-none-eabi/lib/thumb/v7e-m+fp/hard/libc_nano.a
LOAD /opt/st/stm32cubeide_1.12.0/plugins/com.st.stm32cube.ide.mcu.externaltools.gnu-tools-for-stm32.10.3-2021.10.linux64_1.0.200.202301161003/tools/bin/../lib/gcc/arm-none-eabi/10.3.1/../../../../arm-none-eabi/lib/thumb/v7e-m+fp/hard/libnosys.a
END GROUP
START GROUP
LOAD /opt/st/stm32cubeide_1.12.0/plugins/com.st.stm32cube.ide.mcu.externaltools.gnu-tools-for-stm32.10.3-2021.10.linux64_1.0.200.202301161003/tools/bin/../lib/gcc/arm-none-eabi/10.3.1/thumb/v7e-m+fp/hard/libgcc.a
LOAD /opt/st/stm32cubeide_1.12.0/plugins/com.st.stm32cube.ide.mcu.externaltools.gnu-tools-for-stm32.10.3-2021.10.linux64_1.0.200.202301161003/tools/bin/../lib/gcc/arm-none-eabi/10.3.1/../../../../arm-none-eabi/lib/thumb/v7e-m+fp/hard/libc_nano.a
LOAD /opt/st/stm32cubeide_1.12.0/plugins/com.st.stm32cube.ide.mcu.externaltools.gnu-tools-for-stm32.10.3-2021.10.linux64_1.0.200.202301161003/tools/bin/../lib/gcc/arm-none-eabi/10.3.1/../../../../arm-none-eabi/lib/thumb/v7e-m+fp/hard/libnosys.a
END GROUP
LOAD /opt/st/stm32cubeide_1.12.0/plugins/com.st.stm32cube.ide.mcu.externaltools.gnu-tools-for-stm32.10.3-2021.10.linux64_1.0.200.202301161003/tools/bin/../lib/gcc/arm-none-eabi/10.3.1/thumb/v7e-m+fp/hard/crtend.o
LOAD /opt/st/stm32cubeide_1.12.0/plugins/com.st.stm32cube.ide.mcu.externaltools.gnu-tools-for-stm32.10.3-2021.10.linux64_1.0.200.202301161003/tools/bin/../lib/gcc/arm-none-eabi/10.3.1/thumb/v7e-m+fp/hard/crtn.o
                0x0000000020018000                _estack = (ORIGIN (RAM) + LENGTH (RAM))
                0x0000000000000200                _Min_Heap_Size = 0x200
                0x0000000000000400                _Min_Stack_Size = 0x400

.isr_vector     0x0000000008000000      0x188
                0x0000000008000000                . = ALIGN (0x4)
 *(.isr_vector)
 .isr_vector    0x0000000008000000      0x188 ./Core/Startup/startup_stm32l476rgtx.o
                0x0000000008000000                g_pfnVectors
                0x0000000008000188                . = ALIGN (0x4)

.text           0x0000000008000188     0x2030
                0x0000000008000188                . = ALIGN (0x4)
 *(.text)
 .text          0x0000000008000188       0x40 /opt/st/stm32cubeide_1.12.0/plugins/com.st.stm32cube.ide.mcu.externaltools.gnu-tools-for-stm32.10.3-2021.10.linux64_1.0.200.202301161003/tools/bin/../lib/gcc/arm-none-eabi/10.3.1/thumb/v7e-m+fp/hard/crtbegin.o
 .text          0x00000000080001c8      0x254 /opt/st/stm32cubeide_1.12.0/plugins/com.st.stm32cube.ide.mcu.externaltools.gnu-tools-for-stm32.10.3-2021.10.linux64_1.0.200.202301161003/tools/bin/../lib/gcc/arm-none-eabi/10.3.1/thumb/v7e-m+fp/hard/libgcc.a(_arm_muldf3.o)
                0x00000000080001c8                __aeabi_dmul
                0x00000000080001c8                __muldf3
 .text          0x000000000800041c      0x378 /opt/st/stm32cubeide_1.12.0/plugins/com.st.stm32cube.ide.mcu.externaltools.gnu-tools-for-stm32.10.3-2021.10.linux64_1.0.200.202301161003/tools/bin/../lib/gcc/arm-none-eabi/10.3.1/thumb/v7e-m+fp/hard/libgcc.a(_arm_addsubdf3.o)
                0x000000000800041c                __aeabi_drsub
                0x0000000008000424                __aeabi_dsub
                0x0000000008000424                __subdf3
                0x0000000008000428                __adddf3
                0x0000000008000428                __aeabi_dadd
                0x00000000080006a0                __aeabi_ui2d
                0x00000000080006a0                __floatunsidf
                0x00000000080006c0                __floatsidf
                0x00000000080006c0                __aeabi_i2d
                0x00000000080006e4                __extendsfdf2
                0x00000000080006e4                __aeabi_f2d
                0x0000000008000728                __aeabi_ul2d
                0x0000000008000728                __floatundidf
                0x0000000008000738                __floatdidf
                0x0000000008000738                __aeabi_l2d
 .text          0x0000000008000794      0x110 /opt/st/stm32cubeide_1.12.0/plugins/com.st.stm32cube.ide.mcu.externaltools.gnu-tools-for-stm32.10.3-2021.10.linux64_1.0.200.202301161003/tools/bin/../lib/gcc/arm-none-eabi/10.3.1/thumb/v7e-m+fp/hard/libgcc.a(_arm_cmpdf2.o)
                0x0000000008000794                __gtdf2
                0x0000000008000794                __gedf2
                0x000000000800079c                __ltdf2
                0x000000000800079c                __ledf2
                0x00000000080007a4                __cmpdf2
                0x00000000080007a4                __eqdf2
                0x00000000080007a4                __nedf2
                0x0000000008000820                __aeabi_cdrcmple
                0x0000000008000830                __aeabi_cdcmple
                0x0000000008000830                __aeabi_cdcmpeq
                0x0000000008000840                __aeabi_dcmpeq
                0x0000000008000854                __aeabi_dcmplt
                0x0000000008000868                __aeabi_dcmple
                0x000000000800087c                __aeabi_dcmpge
                0x0000000008000890                __aeabi_dcmpgt
 *(.text*)
 .text.init_7seg
                0x00000000080008a4      0x100 ./Core/Src/7seg.o
                0x00000000080008a4                init_7seg
 .text.send_7seg
                0x00000000080009a4       0x96 ./Core/Src/7seg.o
                0x00000000080009a4                send_7seg
 *fill*         0x0000000008000a3a        0x2 
 .text.display_number
                0x0000000008000a3c       0xd0 ./Core/Src/7seg.o
                0x0000000008000a3c                display_number
 .text.read_gpio
                0x0000000008000b0c       0x24 ./Core/Src/helper_functions.o
                0x0000000008000b0c                read_gpio
 .text.set_gpio
                0x0000000008000b30       0x28 ./Core/Src/helper_functions.o
                0x0000000008000b30                set_gpio
 .text.reset_gpio
                0x0000000008000b58       0x28 ./Core/Src/helper_functions.o
                0x0000000008000b58                reset_gpio
 .text.num_digits
                0x0000000008000b80       0x54 ./Core/Src/helper_functions.o
                0x0000000008000b80                num_digits
 .text.init_keypad
                0x0000000008000bd4      0x170 ./Core/Src/keypad.o
                0x0000000008000bd4                init_keypad
 *fill*         0x0000000008000d44        0x4 
 .text.check_keypad_input_one
                0x0000000008000d48       0xb8 ./Core/Src/keypad.o
                0x0000000008000d48                check_keypad_input_one
 .text.check_press
                0x0000000008000e00       0x30 ./Core/Src/main.o
                0x0000000008000e00                check_press
 .text.display  0x0000000008000e30       0x2c ./Core/Src/main.o
                0x0000000008000e30                display
 .text.input_multi
                0x0000000008000e5c      0x198 ./Core/Src/main.o
                0x0000000008000e5c                input_multi
 .text.part4    0x0000000008000ff4        0xa ./Core/Src/main.o
                0x0000000008000ff4                part4
 *fill*         0x0000000008000ffe        0x2 
 .text.main     0x0000000008001000       0x90 ./Core/Src/main.o
                0x0000000008001000                main
 .text.SystemClock_Config
                0x0000000008001090       0x8c ./Core/Src/main.o
                0x0000000008001090                SystemClock_Config
 .text.Error_Handler
                0x000000000800111c        0xa ./Core/Src/main.o
                0x000000000800111c                Error_Handler
 *fill*         0x0000000008001126        0x2 
 .text.HAL_MspInit
                0x0000000008001128       0x48 ./Core/Src/stm32l4xx_hal_msp.o
                0x0000000008001128                HAL_MspInit
 .text.NMI_Handler
                0x0000000008001170        0x6 ./Core/Src/stm32l4xx_it.o
                0x0000000008001170                NMI_Handler
 .text.HardFault_Handler
                0x0000000008001176        0x6 ./Core/Src/stm32l4xx_it.o
                0x0000000008001176                HardFault_Handler
 .text.MemManage_Handler
                0x000000000800117c        0x6 ./Core/Src/stm32l4xx_it.o
                0x000000000800117c                MemManage_Handler
 .text.BusFault_Handler
                0x0000000008001182        0x6 ./Core/Src/stm32l4xx_it.o
                0x0000000008001182                BusFault_Handler
 .text.UsageFault_Handler
                0x0000000008001188        0x6 ./Core/Src/stm32l4xx_it.o
                0x0000000008001188                UsageFault_Handler
 .text.SVC_Handler
                0x000000000800118e        0xe ./Core/Src/stm32l4xx_it.o
                0x000000000800118e                SVC_Handler
 .text.DebugMon_Handler
                0x000000000800119c        0xe ./Core/Src/stm32l4xx_it.o
                0x000000000800119c                DebugMon_Handler
 .text.PendSV_Handler
                0x00000000080011aa        0xe ./Core/Src/stm32l4xx_it.o
                0x00000000080011aa                PendSV_Handler
 .text.SysTick_Handler
                0x00000000080011b8        0xc ./Core/Src/stm32l4xx_it.o
                0x00000000080011b8                SysTick_Handler
 .text.SystemInit
                0x00000000080011c4       0x24 ./Core/Src/system_stm32l4xx.o
                0x00000000080011c4                SystemInit
 .text.Reset_Handler
                0x00000000080011e8       0x50 ./Core/Startup/startup_stm32l476rgtx.o
                0x00000000080011e8                Reset_Handler
 .text.Default_Handler
                0x0000000008001238        0x2 ./Core/Startup/startup_stm32l476rgtx.o
                0x0000000008001238                RTC_Alarm_IRQHandler
                0x0000000008001238                EXTI2_IRQHandler
                0x0000000008001238                TIM8_TRG_COM_IRQHandler
                0x0000000008001238                TIM8_CC_IRQHandler
                0x0000000008001238                TIM1_CC_IRQHandler
                0x0000000008001238                TSC_IRQHandler
                0x0000000008001238                TAMP_STAMP_IRQHandler
                0x0000000008001238                EXTI3_IRQHandler
                0x0000000008001238                LPTIM2_IRQHandler
                0x0000000008001238                DFSDM1_FLT1_IRQHandler
                0x0000000008001238                I2C3_ER_IRQHandler
                0x0000000008001238                DFSDM1_FLT2_IRQHandler
                0x0000000008001238                EXTI0_IRQHandler
                0x0000000008001238                I2C2_EV_IRQHandler
                0x0000000008001238                CAN1_RX0_IRQHandler
                0x0000000008001238                FPU_IRQHandler
                0x0000000008001238                TIM1_UP_TIM16_IRQHandler
                0x0000000008001238                ADC1_2_IRQHandler
                0x0000000008001238                SPI1_IRQHandler
                0x0000000008001238                TIM6_DAC_IRQHandler
                0x0000000008001238                TIM8_UP_IRQHandler
                0x0000000008001238                DMA2_Channel2_IRQHandler
                0x0000000008001238                DMA1_Channel4_IRQHandler
                0x0000000008001238                SAI2_IRQHandler
                0x0000000008001238                DFSDM1_FLT3_IRQHandler
                0x0000000008001238                USART3_IRQHandler
                0x0000000008001238                DMA1_Channel7_IRQHandler
                0x0000000008001238                CAN1_RX1_IRQHandler
                0x0000000008001238                LCD_IRQHandler
                0x0000000008001238                UART5_IRQHandler
                0x0000000008001238                ADC3_IRQHandler
                0x0000000008001238                TIM4_IRQHandler
                0x0000000008001238                DMA2_Channel1_IRQHandler
                0x0000000008001238                QUADSPI_IRQHandler
                0x0000000008001238                I2C1_EV_IRQHandler
                0x0000000008001238                DMA1_Channel6_IRQHandler
                0x0000000008001238                UART4_IRQHandler
                0x0000000008001238                DMA2_Channel4_IRQHandler
                0x0000000008001238                TIM3_IRQHandler
                0x0000000008001238                RCC_IRQHandler
                0x0000000008001238                DMA1_Channel1_IRQHandler
                0x0000000008001238                Default_Handler
                0x0000000008001238                DMA2_Channel7_IRQHandler
                0x0000000008001238                EXTI15_10_IRQHandler
                0x0000000008001238                TIM7_IRQHandler
                0x0000000008001238                SDMMC1_IRQHandler
                0x0000000008001238                TIM5_IRQHandler
                0x0000000008001238                I2C3_EV_IRQHandler
                0x0000000008001238                EXTI9_5_IRQHandler
                0x0000000008001238                RTC_WKUP_IRQHandler
                0x0000000008001238                PVD_PVM_IRQHandler
                0x0000000008001238                SPI2_IRQHandler
                0x0000000008001238                CAN1_TX_IRQHandler
                0x0000000008001238                DMA2_Channel5_IRQHandler
                0x0000000008001238                DMA1_Channel5_IRQHandler
                0x0000000008001238                EXTI4_IRQHandler
                0x0000000008001238                RNG_IRQHandler
                0x0000000008001238                TIM1_TRG_COM_TIM17_IRQHandler
                0x0000000008001238                DMA1_Channel3_IRQHandler
                0x0000000008001238                COMP_IRQHandler
                0x0000000008001238                WWDG_IRQHandler
                0x0000000008001238                LPUART1_IRQHandler
                0x0000000008001238                DMA2_Channel6_IRQHandler
                0x0000000008001238                TIM2_IRQHandler
                0x0000000008001238                EXTI1_IRQHandler
                0x0000000008001238                USART2_IRQHandler
                0x0000000008001238                DFSDM1_FLT0_IRQHandler
                0x0000000008001238                I2C2_ER_IRQHandler
                0x0000000008001238                DMA1_Channel2_IRQHandler
                0x0000000008001238                TIM8_BRK_IRQHandler
                0x0000000008001238                CAN1_SCE_IRQHandler
                0x0000000008001238                FLASH_IRQHandler
                0x0000000008001238                USART1_IRQHandler
                0x0000000008001238                OTG_FS_IRQHandler
                0x0000000008001238                SPI3_IRQHandler
                0x0000000008001238                I2C1_ER_IRQHandler
                0x0000000008001238                FMC_IRQHandler
                0x0000000008001238                SWPMI1_IRQHandler
                0x0000000008001238                LPTIM1_IRQHandler
                0x0000000008001238                SAI1_IRQHandler
                0x0000000008001238                DMA2_Channel3_IRQHandler
                0x0000000008001238                TIM1_BRK_TIM15_IRQHandler
 .text.HAL_Init
                0x000000000800123a       0x30 ./Drivers/STM32L4xx_HAL_Driver/Src/stm32l4xx_hal.o
                0x000000000800123a                HAL_Init
 *fill*         0x000000000800126a        0x2 
 .text.HAL_InitTick
                0x000000000800126c       0x78 ./Drivers/STM32L4xx_HAL_Driver/Src/stm32l4xx_hal.o
                0x000000000800126c                HAL_InitTick
 .text.HAL_IncTick
                0x00000000080012e4       0x28 ./Drivers/STM32L4xx_HAL_Driver/Src/stm32l4xx_hal.o
                0x00000000080012e4                HAL_IncTick
 .text.HAL_GetTick
                0x000000000800130c       0x18 ./Drivers/STM32L4xx_HAL_Driver/Src/stm32l4xx_hal.o
                0x000000000800130c                HAL_GetTick
 .text.__NVIC_SetPriorityGrouping
                0x0000000008001324       0x48 ./Drivers/STM32L4xx_HAL_Driver/Src/stm32l4xx_hal_cortex.o
 .text.__NVIC_GetPriorityGrouping
                0x000000000800136c       0x1c ./Drivers/STM32L4xx_HAL_Driver/Src/stm32l4xx_hal_cortex.o
 .text.__NVIC_SetPriority
                0x0000000008001388       0x54 ./Drivers/STM32L4xx_HAL_Driver/Src/stm32l4xx_hal_cortex.o
 .text.NVIC_EncodePriority
                0x00000000080013dc       0x66 ./Drivers/STM32L4xx_HAL_Driver/Src/stm32l4xx_hal_cortex.o
 *fill*         0x0000000008001442        0x2 
 .text.SysTick_Config
                0x0000000008001444       0x44 ./Drivers/STM32L4xx_HAL_Driver/Src/stm32l4xx_hal_cortex.o
 .text.HAL_NVIC_SetPriorityGrouping
                0x0000000008001488       0x16 ./Drivers/STM32L4xx_HAL_Driver/Src/stm32l4xx_hal_cortex.o
                0x0000000008001488                HAL_NVIC_SetPriorityGrouping
 .text.HAL_NVIC_SetPriority
                0x000000000800149e       0x38 ./Drivers/STM32L4xx_HAL_Driver/Src/stm32l4xx_hal_cortex.o
                0x000000000800149e                HAL_NVIC_SetPriority
 .text.HAL_SYSTICK_Config
                0x00000000080014d6       0x18 ./Drivers/STM32L4xx_HAL_Driver/Src/stm32l4xx_hal_cortex.o
                0x00000000080014d6                HAL_SYSTICK_Config
 *fill*         0x00000000080014ee        0x2 
 .text.HAL_PWREx_GetVoltageRange
                0x00000000080014f0       0x1c ./Drivers/STM32L4xx_HAL_Driver/Src/stm32l4xx_hal_pwr_ex.o
                0x00000000080014f0                HAL_PWREx_GetVoltageRange
 .text.HAL_PWREx_ControlVoltageScaling
                0x000000000800150c       0xac ./Drivers/STM32L4xx_HAL_Driver/Src/stm32l4xx_hal_pwr_ex.o
                0x000000000800150c                HAL_PWREx_ControlVoltageScaling
 .text.HAL_RCC_OscConfig
                0x00000000080015b8      0x7b8 ./Drivers/STM32L4xx_HAL_Driver/Src/stm32l4xx_hal_rcc.o
                0x00000000080015b8                HAL_RCC_OscConfig
 .text.HAL_RCC_ClockConfig
                0x0000000008001d70      0x200 ./Drivers/STM32L4xx_HAL_Driver/Src/stm32l4xx_hal_rcc.o
                0x0000000008001d70                HAL_RCC_ClockConfig
 .text.HAL_RCC_GetSysClockFreq
                0x0000000008001f70      0x118 ./Drivers/STM32L4xx_HAL_Driver/Src/stm32l4xx_hal_rcc.o
                0x0000000008001f70                HAL_RCC_GetSysClockFreq
 .text.RCC_SetFlashLatencyFromMSIRange
                0x0000000008002088       0xc0 ./Drivers/STM32L4xx_HAL_Driver/Src/stm32l4xx_hal_rcc.o
 .text.__libc_init_array
                0x0000000008002148       0x48 /opt/st/stm32cubeide_1.12.0/plugins/com.st.stm32cube.ide.mcu.externaltools.gnu-tools-for-stm32.10.3-2021.10.linux64_1.0.200.202301161003/tools/bin/../lib/gcc/arm-none-eabi/10.3.1/../../../../arm-none-eabi/lib/thumb/v7e-m+fp/hard/libc_nano.a(lib_a-init.o)
                0x0000000008002148                __libc_init_array
 .text.memset   0x0000000008002190       0x10 /opt/st/stm32cubeide_1.12.0/plugins/com.st.stm32cube.ide.mcu.externaltools.gnu-tools-for-stm32.10.3-2021.10.linux64_1.0.200.202301161003/tools/bin/../lib/gcc/arm-none-eabi/10.3.1/../../../../arm-none-eabi/lib/thumb/v7e-m+fp/hard/libc_nano.a(lib_a-memset.o)
                0x0000000008002190                memset
 *(.glue_7)
 .glue_7        0x00000000080021a0        0x0 linker stubs
 *(.glue_7t)
 .glue_7t       0x00000000080021a0        0x0 linker stubs
 *(.eh_frame)
 .eh_frame      0x00000000080021a0        0x0 /opt/st/stm32cubeide_1.12.0/plugins/com.st.stm32cube.ide.mcu.externaltools.gnu-tools-for-stm32.10.3-2021.10.linux64_1.0.200.202301161003/tools/bin/../lib/gcc/arm-none-eabi/10.3.1/thumb/v7e-m+fp/hard/crtbegin.o
 *(.init)
 .init          0x00000000080021a0        0x4 /opt/st/stm32cubeide_1.12.0/plugins/com.st.stm32cube.ide.mcu.externaltools.gnu-tools-for-stm32.10.3-2021.10.linux64_1.0.200.202301161003/tools/bin/../lib/gcc/arm-none-eabi/10.3.1/thumb/v7e-m+fp/hard/crti.o
                0x00000000080021a0                _init
 .init          0x00000000080021a4        0x8 /opt/st/stm32cubeide_1.12.0/plugins/com.st.stm32cube.ide.mcu.externaltools.gnu-tools-for-stm32.10.3-2021.10.linux64_1.0.200.202301161003/tools/bin/../lib/gcc/arm-none-eabi/10.3.1/thumb/v7e-m+fp/hard/crtn.o
 *(.fini)
 .fini          0x00000000080021ac        0x4 /opt/st/stm32cubeide_1.12.0/plugins/com.st.stm32cube.ide.mcu.externaltools.gnu-tools-for-stm32.10.3-2021.10.linux64_1.0.200.202301161003/tools/bin/../lib/gcc/arm-none-eabi/10.3.1/thumb/v7e-m+fp/hard/crti.o
                0x00000000080021ac                _fini
 .fini          0x00000000080021b0        0x8 /opt/st/stm32cubeide_1.12.0/plugins/com.st.stm32cube.ide.mcu.externaltools.gnu-tools-for-stm32.10.3-2021.10.linux64_1.0.200.202301161003/tools/bin/../lib/gcc/arm-none-eabi/10.3.1/thumb/v7e-m+fp/hard/crtn.o
                0x00000000080021b8                . = ALIGN (0x4)
                0x00000000080021b8                _etext = .

.vfp11_veneer   0x00000000080021b8        0x0
 .vfp11_veneer  0x00000000080021b8        0x0 linker stubs

.v4_bx          0x00000000080021b8        0x0
 .v4_bx         0x00000000080021b8        0x0 linker stubs

.iplt           0x00000000080021b8        0x0
 .iplt          0x00000000080021b8        0x0 /opt/st/stm32cubeide_1.12.0/plugins/com.st.stm32cube.ide.mcu.externaltools.gnu-tools-for-stm32.10.3-2021.10.linux64_1.0.200.202301161003/tools/bin/../lib/gcc/arm-none-eabi/10.3.1/thumb/v7e-m+fp/hard/crtbegin.o

.rodata         0x00000000080021b8       0x80
                0x00000000080021b8                . = ALIGN (0x4)
 *(.rodata)
 *(.rodata*)
 .rodata.keypad
                0x00000000080021b8       0x40 ./Core/Src/keypad.o
                0x00000000080021b8                keypad
 .rodata.AHBPrescTable
                0x00000000080021f8       0x10 ./Core/Src/system_stm32l4xx.o
                0x00000000080021f8                AHBPrescTable
 .rodata.MSIRangeTable
                0x0000000008002208       0x30 ./Core/Src/system_stm32l4xx.o
                0x0000000008002208                MSIRangeTable
                0x0000000008002238                . = ALIGN (0x4)

.rel.dyn        0x0000000008002238        0x0
 .rel.iplt      0x0000000008002238        0x0 /opt/st/stm32cubeide_1.12.0/plugins/com.st.stm32cube.ide.mcu.externaltools.gnu-tools-for-stm32.10.3-2021.10.linux64_1.0.200.202301161003/tools/bin/../lib/gcc/arm-none-eabi/10.3.1/thumb/v7e-m+fp/hard/crtbegin.o

.ARM.extab      0x0000000008002238        0x0
                0x0000000008002238                . = ALIGN (0x4)
 *(.ARM.extab* .gnu.linkonce.armextab.*)
                0x0000000008002238                . = ALIGN (0x4)

.ARM            0x0000000008002238        0x0
                0x0000000008002238                . = ALIGN (0x4)
                0x0000000008002238                __exidx_start = .
 *(.ARM.exidx*)
                0x0000000008002238                __exidx_end = .
                0x0000000008002238                . = ALIGN (0x4)

.preinit_array  0x0000000008002238        0x0
                0x0000000008002238                . = ALIGN (0x4)
                0x0000000008002238                PROVIDE (__preinit_array_start = .)
 *(.preinit_array*)
                0x0000000008002238                PROVIDE (__preinit_array_end = .)
                0x0000000008002238                . = ALIGN (0x4)

.init_array     0x0000000008002238        0x4
                0x0000000008002238                . = ALIGN (0x4)
                0x0000000008002238                PROVIDE (__init_array_start = .)
 *(SORT_BY_NAME(.init_array.*))
 *(.init_array*)
 .init_array    0x0000000008002238        0x4 /opt/st/stm32cubeide_1.12.0/plugins/com.st.stm32cube.ide.mcu.externaltools.gnu-tools-for-stm32.10.3-2021.10.linux64_1.0.200.202301161003/tools/bin/../lib/gcc/arm-none-eabi/10.3.1/thumb/v7e-m+fp/hard/crtbegin.o
                0x000000000800223c                PROVIDE (__init_array_end = .)
                0x000000000800223c                . = ALIGN (0x4)

.fini_array     0x000000000800223c        0x4
                0x000000000800223c                . = ALIGN (0x4)
                [!provide]                        PROVIDE (__fini_array_start = .)
 *(SORT_BY_NAME(.fini_array.*))
 *(.fini_array*)
 .fini_array    0x000000000800223c        0x4 /opt/st/stm32cubeide_1.12.0/plugins/com.st.stm32cube.ide.mcu.externaltools.gnu-tools-for-stm32.10.3-2021.10.linux64_1.0.200.202301161003/tools/bin/../lib/gcc/arm-none-eabi/10.3.1/thumb/v7e-m+fp/hard/crtbegin.o
                [!provide]                        PROVIDE (__fini_array_end = .)
                0x0000000008002240                . = ALIGN (0x4)
                0x0000000008002240                _sidata = LOADADDR (.data)

.data           0x0000000020000000       0x8c load address 0x0000000008002240
                0x0000000020000000                . = ALIGN (0x4)
                0x0000000020000000                _sdata = .
 *(.data)
 *(.data*)
 .data.keypad_space
                0x0000000020000000       0x80 ./Core/Src/main.o
                0x0000000020000000                keypad_space
 .data.SystemCoreClock
                0x0000000020000080        0x4 ./Core/Src/system_stm32l4xx.o
                0x0000000020000080                SystemCoreClock
 .data.uwTickPrio
                0x0000000020000084        0x4 ./Drivers/STM32L4xx_HAL_Driver/Src/stm32l4xx_hal.o
                0x0000000020000084                uwTickPrio
 .data.uwTickFreq
                0x0000000020000088        0x1 ./Drivers/STM32L4xx_HAL_Driver/Src/stm32l4xx_hal.o
                0x0000000020000088                uwTickFreq
 *(.RamFunc)
 *(.RamFunc*)
                0x000000002000008c                . = ALIGN (0x4)
 *fill*         0x0000000020000089        0x3 
                0x000000002000008c                _edata = .

.igot.plt       0x000000002000008c        0x0 load address 0x00000000080022cc
 .igot.plt      0x000000002000008c        0x0 /opt/st/stm32cubeide_1.12.0/plugins/com.st.stm32cube.ide.mcu.externaltools.gnu-tools-for-stm32.10.3-2021.10.linux64_1.0.200.202301161003/tools/bin/../lib/gcc/arm-none-eabi/10.3.1/thumb/v7e-m+fp/hard/crtbegin.o
                0x000000002000008c                . = ALIGN (0x4)

.bss            0x000000002000008c       0x20 load address 0x00000000080022cc
                0x000000002000008c                _sbss = .
                0x000000002000008c                __bss_start__ = _sbss
 *(.bss)
 .bss           0x000000002000008c       0x1c /opt/st/stm32cubeide_1.12.0/plugins/com.st.stm32cube.ide.mcu.externaltools.gnu-tools-for-stm32.10.3-2021.10.linux64_1.0.200.202301161003/tools/bin/../lib/gcc/arm-none-eabi/10.3.1/thumb/v7e-m+fp/hard/crtbegin.o
 *(.bss*)
 .bss.uwTick    0x00000000200000a8        0x4 ./Drivers/STM32L4xx_HAL_Driver/Src/stm32l4xx_hal.o
                0x00000000200000a8                uwTick
 *(COMMON)
                0x00000000200000ac                . = ALIGN (0x4)
                0x00000000200000ac                _ebss = .
                0x00000000200000ac                __bss_end__ = _ebss

._user_heap_stack
                0x00000000200000ac      0x604 load address 0x00000000080022cc
                0x00000000200000b0                . = ALIGN (0x8)
 *fill*         0x00000000200000ac        0x4 
                [!provide]                        PROVIDE (end = .)
                0x00000000200000b0                PROVIDE (_end = .)
                0x00000000200002b0                . = (. + _Min_Heap_Size)
 *fill*         0x00000000200000b0      0x200 
                0x00000000200006b0                . = (. + _Min_Stack_Size)
 *fill*         0x00000000200002b0      0x400 
                0x00000000200006b0                . = ALIGN (0x8)

/DISCARD/
 libc.a(*)
 libm.a(*)
 libgcc.a(*)

.ARM.attributes
                0x0000000000000000       0x30
 *(.ARM.attributes)
 .ARM.attributes
                0x0000000000000000       0x1e /opt/st/stm32cubeide_1.12.0/plugins/com.st.stm32cube.ide.mcu.externaltools.gnu-tools-for-stm32.10.3-2021.10.linux64_1.0.200.202301161003/tools/bin/../lib/gcc/arm-none-eabi/10.3.1/thumb/v7e-m+fp/hard/crti.o
 .ARM.attributes
                0x000000000000001e       0x34 /opt/st/stm32cubeide_1.12.0/plugins/com.st.stm32cube.ide.mcu.externaltools.gnu-tools-for-stm32.10.3-2021.10.linux64_1.0.200.202301161003/tools/bin/../lib/gcc/arm-none-eabi/10.3.1/thumb/v7e-m+fp/hard/crtbegin.o
 .ARM.attributes
                0x0000000000000052       0x34 ./Core/Src/7seg.o
 .ARM.attributes
                0x0000000000000086       0x34 ./Core/Src/helper_functions.o
 .ARM.attributes
                0x00000000000000ba       0x34 ./Core/Src/keypad.o
 .ARM.attributes
                0x00000000000000ee       0x34 ./Core/Src/main.o
 .ARM.attributes
                0x0000000000000122       0x34 ./Core/Src/stm32l4xx_hal_msp.o
 .ARM.attributes
                0x0000000000000156       0x34 ./Core/Src/stm32l4xx_it.o
 .ARM.attributes
                0x000000000000018a       0x34 ./Core/Src/system_stm32l4xx.o
 .ARM.attributes
                0x00000000000001be       0x21 ./Core/Startup/startup_stm32l476rgtx.o
 .ARM.attributes
                0x00000000000001df       0x34 ./Drivers/STM32L4xx_HAL_Driver/Src/stm32l4xx_hal.o
 .ARM.attributes
                0x0000000000000213       0x34 ./Drivers/STM32L4xx_HAL_Driver/Src/stm32l4xx_hal_cortex.o
 .ARM.attributes
                0x0000000000000247       0x34 ./Drivers/STM32L4xx_HAL_Driver/Src/stm32l4xx_hal_pwr_ex.o
 .ARM.attributes
                0x000000000000027b       0x34 ./Drivers/STM32L4xx_HAL_Driver/Src/stm32l4xx_hal_rcc.o
 .ARM.attributes
                0x00000000000002af       0x34 /opt/st/stm32cubeide_1.12.0/plugins/com.st.stm32cube.ide.mcu.externaltools.gnu-tools-for-stm32.10.3-2021.10.linux64_1.0.200.202301161003/tools/bin/../lib/gcc/arm-none-eabi/10.3.1/../../../../arm-none-eabi/lib/thumb/v7e-m+fp/hard/libc_nano.a(lib_a-init.o)
 .ARM.attributes
                0x00000000000002e3       0x34 /opt/st/stm32cubeide_1.12.0/plugins/com.st.stm32cube.ide.mcu.externaltools.gnu-tools-for-stm32.10.3-2021.10.linux64_1.0.200.202301161003/tools/bin/../lib/gcc/arm-none-eabi/10.3.1/../../../../arm-none-eabi/lib/thumb/v7e-m+fp/hard/libc_nano.a(lib_a-memset.o)
 .ARM.attributes
                0x0000000000000317       0x1e /opt/st/stm32cubeide_1.12.0/plugins/com.st.stm32cube.ide.mcu.externaltools.gnu-tools-for-stm32.10.3-2021.10.linux64_1.0.200.202301161003/tools/bin/../lib/gcc/arm-none-eabi/10.3.1/thumb/v7e-m+fp/hard/libgcc.a(_arm_muldf3.o)
 .ARM.attributes
                0x0000000000000335       0x1e /opt/st/stm32cubeide_1.12.0/plugins/com.st.stm32cube.ide.mcu.externaltools.gnu-tools-for-stm32.10.3-2021.10.linux64_1.0.200.202301161003/tools/bin/../lib/gcc/arm-none-eabi/10.3.1/thumb/v7e-m+fp/hard/libgcc.a(_arm_addsubdf3.o)
 .ARM.attributes
                0x0000000000000353       0x1e /opt/st/stm32cubeide_1.12.0/plugins/com.st.stm32cube.ide.mcu.externaltools.gnu-tools-for-stm32.10.3-2021.10.linux64_1.0.200.202301161003/tools/bin/../lib/gcc/arm-none-eabi/10.3.1/thumb/v7e-m+fp/hard/libgcc.a(_arm_cmpdf2.o)
 .ARM.attributes
                0x0000000000000371       0x1e /opt/st/stm32cubeide_1.12.0/plugins/com.st.stm32cube.ide.mcu.externaltools.gnu-tools-for-stm32.10.3-2021.10.linux64_1.0.200.202301161003/tools/bin/../lib/gcc/arm-none-eabi/10.3.1/thumb/v7e-m+fp/hard/crtn.o
OUTPUT(Microprocessor.elf elf32-littlearm)
LOAD linker stubs
LOAD /opt/st/stm32cubeide_1.12.0/plugins/com.st.stm32cube.ide.mcu.externaltools.gnu-tools-for-stm32.10.3-2021.10.linux64_1.0.200.202301161003/tools/bin/../lib/gcc/arm-none-eabi/10.3.1/../../../../arm-none-eabi/lib/thumb/v7e-m+fp/hard/libc.a
LOAD /opt/st/stm32cubeide_1.12.0/plugins/com.st.stm32cube.ide.mcu.externaltools.gnu-tools-for-stm32.10.3-2021.10.linux64_1.0.200.202301161003/tools/bin/../lib/gcc/arm-none-eabi/10.3.1/../../../../arm-none-eabi/lib/thumb/v7e-m+fp/hard/libm.a
LOAD /opt/st/stm32cubeide_1.12.0/plugins/com.st.stm32cube.ide.mcu.externaltools.gnu-tools-for-stm32.10.3-2021.10.linux64_1.0.200.202301161003/tools/bin/../lib/gcc/arm-none-eabi/10.3.1/thumb/v7e-m+fp/hard/libgcc.a

.debug_info     0x0000000000000000     0x56e2
 .debug_info    0x0000000000000000      0x924 ./Core/Src/7seg.o
 .debug_info    0x0000000000000924      0x304 ./Core/Src/helper_functions.o
 .debug_info    0x0000000000000c28      0x69e ./Core/Src/keypad.o
 .debug_info    0x00000000000012c6      0x9d7 ./Core/Src/main.o
 .debug_info    0x0000000000001c9d      0x308 ./Core/Src/stm32l4xx_hal_msp.o
 .debug_info    0x0000000000001fa5      0x122 ./Core/Src/stm32l4xx_it.o
 .debug_info    0x00000000000020c7      0x5c6 ./Core/Src/system_stm32l4xx.o
 .debug_info    0x000000000000268d       0x22 ./Core/Startup/startup_stm32l476rgtx.o
 .debug_info    0x00000000000026af      0xb35 ./Drivers/STM32L4xx_HAL_Driver/Src/stm32l4xx_hal.o
 .debug_info    0x00000000000031e4      0xe21 ./Drivers/STM32L4xx_HAL_Driver/Src/stm32l4xx_hal_cortex.o
 .debug_info    0x0000000000004005      0x9f0 ./Drivers/STM32L4xx_HAL_Driver/Src/stm32l4xx_hal_pwr_ex.o
 .debug_info    0x00000000000049f5      0xced ./Drivers/STM32L4xx_HAL_Driver/Src/stm32l4xx_hal_rcc.o

.debug_abbrev   0x0000000000000000     0x1463
 .debug_abbrev  0x0000000000000000      0x1d6 ./Core/Src/7seg.o
 .debug_abbrev  0x00000000000001d6      0x190 ./Core/Src/helper_functions.o
 .debug_abbrev  0x0000000000000366      0x186 ./Core/Src/keypad.o
 .debug_abbrev  0x00000000000004ec      0x319 ./Core/Src/main.o
 .debug_abbrev  0x0000000000000805       0xc2 ./Core/Src/stm32l4xx_hal_msp.o
 .debug_abbrev  0x00000000000008c7       0x74 ./Core/Src/stm32l4xx_it.o
 .debug_abbrev  0x000000000000093b      0x116 ./Core/Src/system_stm32l4xx.o
 .debug_abbrev  0x0000000000000a51       0x12 ./Core/Startup/startup_stm32l476rgtx.o
 .debug_abbrev  0x0000000000000a63      0x23a ./Drivers/STM32L4xx_HAL_Driver/Src/stm32l4xx_hal.o
 .debug_abbrev  0x0000000000000c9d      0x316 ./Drivers/STM32L4xx_HAL_Driver/Src/stm32l4xx_hal_cortex.o
 .debug_abbrev  0x0000000000000fb3      0x1f3 ./Drivers/STM32L4xx_HAL_Driver/Src/stm32l4xx_hal_pwr_ex.o
 .debug_abbrev  0x00000000000011a6      0x2bd ./Drivers/STM32L4xx_HAL_Driver/Src/stm32l4xx_hal_rcc.o

.debug_aranges  0x0000000000000000      0x678
 .debug_aranges
                0x0000000000000000       0x60 ./Core/Src/7seg.o
 .debug_aranges
                0x0000000000000060       0x58 ./Core/Src/helper_functions.o
 .debug_aranges
                0x00000000000000b8       0x30 ./Core/Src/keypad.o
 .debug_aranges
                0x00000000000000e8       0x88 ./Core/Src/main.o
 .debug_aranges
                0x0000000000000170       0x20 ./Core/Src/stm32l4xx_hal_msp.o
 .debug_aranges
                0x0000000000000190       0x60 ./Core/Src/stm32l4xx_it.o
 .debug_aranges
                0x00000000000001f0       0x28 ./Core/Src/system_stm32l4xx.o
 .debug_aranges
                0x0000000000000218       0x28 ./Core/Startup/startup_stm32l476rgtx.o
 .debug_aranges
                0x0000000000000240      0x130 ./Drivers/STM32L4xx_HAL_Driver/Src/stm32l4xx_hal.o
 .debug_aranges
                0x0000000000000370      0x118 ./Drivers/STM32L4xx_HAL_Driver/Src/stm32l4xx_hal_cortex.o
 .debug_aranges
                0x0000000000000488      0x160 ./Drivers/STM32L4xx_HAL_Driver/Src/stm32l4xx_hal_pwr_ex.o
 .debug_aranges
                0x00000000000005e8       0x90 ./Drivers/STM32L4xx_HAL_Driver/Src/stm32l4xx_hal_rcc.o

.debug_ranges   0x0000000000000000      0x648
 .debug_ranges  0x0000000000000000       0x50 ./Core/Src/7seg.o
 .debug_ranges  0x0000000000000050       0x48 ./Core/Src/helper_functions.o
 .debug_ranges  0x0000000000000098       0x20 ./Core/Src/keypad.o
 .debug_ranges  0x00000000000000b8      0x100 ./Core/Src/main.o
 .debug_ranges  0x00000000000001b8       0x10 ./Core/Src/stm32l4xx_hal_msp.o
 .debug_ranges  0x00000000000001c8       0x50 ./Core/Src/stm32l4xx_it.o
 .debug_ranges  0x0000000000000218       0x18 ./Core/Src/system_stm32l4xx.o
 .debug_ranges  0x0000000000000230       0x20 ./Core/Startup/startup_stm32l476rgtx.o
 .debug_ranges  0x0000000000000250      0x120 ./Drivers/STM32L4xx_HAL_Driver/Src/stm32l4xx_hal.o
 .debug_ranges  0x0000000000000370      0x108 ./Drivers/STM32L4xx_HAL_Driver/Src/stm32l4xx_hal_cortex.o
 .debug_ranges  0x0000000000000478      0x150 ./Drivers/STM32L4xx_HAL_Driver/Src/stm32l4xx_hal_pwr_ex.o
 .debug_ranges  0x00000000000005c8       0x80 ./Drivers/STM32L4xx_HAL_Driver/Src/stm32l4xx_hal_rcc.o

.debug_macro    0x0000000000000000    0x2508a
 .debug_macro   0x0000000000000000       0xd7 ./Core/Src/7seg.o
 .debug_macro   0x00000000000000d7      0xa78 ./Core/Src/7seg.o
 .debug_macro   0x0000000000000b4f       0x28 ./Core/Src/7seg.o
 .debug_macro   0x0000000000000b77       0x22 ./Core/Src/7seg.o
 .debug_macro   0x0000000000000b99       0x8e ./Core/Src/7seg.o
 .debug_macro   0x0000000000000c27       0x51 ./Core/Src/7seg.o
 .debug_macro   0x0000000000000c78      0x103 ./Core/Src/7seg.o
 .debug_macro   0x0000000000000d7b       0x6a ./Core/Src/7seg.o
 .debug_macro   0x0000000000000de5      0x1df ./Core/Src/7seg.o
 .debug_macro   0x0000000000000fc4       0x1c ./Core/Src/7seg.o
 .debug_macro   0x0000000000000fe0       0x22 ./Core/Src/7seg.o
 .debug_macro   0x0000000000001002       0xfb ./Core/Src/7seg.o
 .debug_macro   0x00000000000010fd     0x1011 ./Core/Src/7seg.o
 .debug_macro   0x000000000000210e      0x11f ./Core/Src/7seg.o
 .debug_macro   0x000000000000222d    0x1a17a ./Core/Src/7seg.o
 .debug_macro   0x000000000001c3a7      0x124 ./Core/Src/7seg.o
 .debug_macro   0x000000000001c4cb       0x10 ./Core/Src/7seg.o
 .debug_macro   0x000000000001c4db       0xcf ./Core/Src/helper_functions.o
 .debug_macro   0x000000000001c5aa       0xc9 ./Core/Src/keypad.o
 .debug_macro   0x000000000001c673      0x351 ./Core/Src/main.o
 .debug_macro   0x000000000001c9c4      0x19b ./Core/Src/main.o
 .debug_macro   0x000000000001cb5f       0x2e ./Core/Src/main.o
 .debug_macro   0x000000000001cb8d       0x6d ./Core/Src/main.o
 .debug_macro   0x000000000001cbfa     0x38e6 ./Core/Src/main.o
 .debug_macro   0x00000000000204e0      0x174 ./Core/Src/main.o
 .debug_macro   0x0000000000020654       0x5c ./Core/Src/main.o
 .debug_macro   0x00000000000206b0     0x159e ./Core/Src/main.o
 .debug_macro   0x0000000000021c4e      0x5a5 ./Core/Src/main.o
 .debug_macro   0x00000000000221f3      0x1b9 ./Core/Src/main.o
 .debug_macro   0x00000000000223ac      0x18b ./Core/Src/main.o
 .debug_macro   0x0000000000022537      0x26b ./Core/Src/main.o
 .debug_macro   0x00000000000227a2      0x23d ./Core/Src/main.o
 .debug_macro   0x00000000000229df      0x241 ./Core/Src/main.o
 .debug_macro   0x0000000000022c20      0x37c ./Core/Src/main.o
 .debug_macro   0x0000000000022f9c       0xd6 ./Core/Src/main.o
 .debug_macro   0x0000000000023072      0x122 ./Core/Src/main.o
 .debug_macro   0x0000000000023194      0x3ef ./Core/Src/main.o
 .debug_macro   0x0000000000023583      0x330 ./Core/Src/main.o
 .debug_macro   0x00000000000238b3       0x52 ./Core/Src/main.o
 .debug_macro   0x0000000000023905       0x1e ./Core/Src/main.o
 .debug_macro   0x0000000000023923       0x3c ./Core/Src/main.o
 .debug_macro   0x000000000002395f       0x34 ./Core/Src/main.o
 .debug_macro   0x0000000000023993       0x16 ./Core/Src/main.o
 .debug_macro   0x00000000000239a9       0x35 ./Core/Src/main.o
 .debug_macro   0x00000000000239de      0x341 ./Core/Src/main.o
 .debug_macro   0x0000000000023d1f       0x10 ./Core/Src/main.o
 .debug_macro   0x0000000000023d2f       0x16 ./Core/Src/main.o
 .debug_macro   0x0000000000023d45       0x43 ./Core/Src/main.o
 .debug_macro   0x0000000000023d88       0x34 ./Core/Src/main.o
 .debug_macro   0x0000000000023dbc       0x10 ./Core/Src/main.o
 .debug_macro   0x0000000000023dcc       0x58 ./Core/Src/main.o
 .debug_macro   0x0000000000023e24       0x71 ./Core/Src/main.o
 .debug_macro   0x0000000000023e95       0x1c ./Core/Src/main.o
 .debug_macro   0x0000000000023eb1      0x12a ./Core/Src/main.o
 .debug_macro   0x0000000000023fdb       0x10 ./Core/Src/main.o
 .debug_macro   0x0000000000023feb       0x1c ./Core/Src/main.o
 .debug_macro   0x0000000000024007       0x52 ./Core/Src/main.o
 .debug_macro   0x0000000000024059       0x22 ./Core/Src/main.o
 .debug_macro   0x000000000002407b       0x10 ./Core/Src/main.o
 .debug_macro   0x000000000002408b       0x52 ./Core/Src/main.o
 .debug_macro   0x00000000000240dd       0xd5 ./Core/Src/main.o
 .debug_macro   0x00000000000241b2       0x1c ./Core/Src/main.o
 .debug_macro   0x00000000000241ce       0x3d ./Core/Src/main.o
 .debug_macro   0x000000000002420b       0x16 ./Core/Src/main.o
 .debug_macro   0x0000000000024221      0x145 ./Core/Src/main.o
 .debug_macro   0x0000000000024366      0x12a ./Core/Src/main.o
 .debug_macro   0x0000000000024490      0x1a2 ./Core/Src/stm32l4xx_hal_msp.o
 .debug_macro   0x0000000000024632      0x1ac ./Core/Src/stm32l4xx_it.o
 .debug_macro   0x00000000000247de      0x198 ./Core/Src/system_stm32l4xx.o
 .debug_macro   0x0000000000024976      0x1e6 ./Drivers/STM32L4xx_HAL_Driver/Src/stm32l4xx_hal.o
 .debug_macro   0x0000000000024b5c      0x198 ./Drivers/STM32L4xx_HAL_Driver/Src/stm32l4xx_hal_cortex.o
 .debug_macro   0x0000000000024cf4      0x1bc ./Drivers/STM32L4xx_HAL_Driver/Src/stm32l4xx_hal_pwr_ex.o
 .debug_macro   0x0000000000024eb0      0x1da ./Drivers/STM32L4xx_HAL_Driver/Src/stm32l4xx_hal_rcc.o

.debug_line     0x0000000000000000     0x6834
 .debug_line    0x0000000000000000      0x8f6 ./Core/Src/7seg.o
 .debug_line    0x00000000000008f6      0x559 ./Core/Src/helper_functions.o
 .debug_line    0x0000000000000e4f      0x741 ./Core/Src/keypad.o
 .debug_line    0x0000000000001590      0xd44 ./Core/Src/main.o
 .debug_line    0x00000000000022d4      0x63c ./Core/Src/stm32l4xx_hal_msp.o
 .debug_line    0x0000000000002910      0x6ff ./Core/Src/stm32l4xx_it.o
 .debug_line    0x000000000000300f      0x6d4 ./Core/Src/system_stm32l4xx.o
 .debug_line    0x00000000000036e3       0x88 ./Core/Startup/startup_stm32l476rgtx.o
 .debug_line    0x000000000000376b      0xa2c ./Drivers/STM32L4xx_HAL_Driver/Src/stm32l4xx_hal.o
 .debug_line    0x0000000000004197      0xbd3 ./Drivers/STM32L4xx_HAL_Driver/Src/stm32l4xx_hal_cortex.o
 .debug_line    0x0000000000004d6a      0xc24 ./Drivers/STM32L4xx_HAL_Driver/Src/stm32l4xx_hal_pwr_ex.o
 .debug_line    0x000000000000598e      0xea6 ./Drivers/STM32L4xx_HAL_Driver/Src/stm32l4xx_hal_rcc.o

.debug_str      0x0000000000000000    0xe2307
 .debug_str     0x0000000000000000    0x9e693 ./Core/Src/7seg.o
                                      0x9e858 (size before relaxing)
 .debug_str     0x000000000009e693       0x5d ./Core/Src/helper_functions.o
                                      0x9e1b5 (size before relaxing)
 .debug_str     0x000000000009e6f0       0x85 ./Core/Src/keypad.o
                                      0x9e2e9 (size before relaxing)
 .debug_str     0x000000000009e775    0x42247 ./Core/Src/main.o
                                      0xe09f0 (size before relaxing)
 .debug_str     0x00000000000e09bc       0x33 ./Core/Src/stm32l4xx_hal_msp.o
                                      0xdc4d3 (size before relaxing)
 .debug_str     0x00000000000e09ef       0xc9 ./Core/Src/stm32l4xx_it.o
                                      0xdc40c (size before relaxing)
 .debug_str     0x00000000000e0ab8       0xfc ./Core/Src/system_stm32l4xx.o
                                      0xdc59a (size before relaxing)
 .debug_str     0x00000000000e0bb4       0x36 ./Core/Startup/startup_stm32l476rgtx.o
                                         0x73 (size before relaxing)
 .debug_str     0x00000000000e0bea      0xaa8 ./Drivers/STM32L4xx_HAL_Driver/Src/stm32l4xx_hal.o
                                      0xdd12d (size before relaxing)
 .debug_str     0x00000000000e1692      0x350 ./Drivers/STM32L4xx_HAL_Driver/Src/stm32l4xx_hal_cortex.o
                                      0xdcde1 (size before relaxing)
 .debug_str     0x00000000000e19e2      0x52a ./Drivers/STM32L4xx_HAL_Driver/Src/stm32l4xx_hal_pwr_ex.o
                                      0xdcaf5 (size before relaxing)
 .debug_str     0x00000000000e1f0c      0x3fb ./Drivers/STM32L4xx_HAL_Driver/Src/stm32l4xx_hal_rcc.o
                                      0xdcbe0 (size before relaxing)

.comment        0x0000000000000000       0x50
 .comment       0x0000000000000000       0x50 ./Core/Src/7seg.o
                                         0x51 (size before relaxing)
 .comment       0x0000000000000050       0x51 ./Core/Src/helper_functions.o
 .comment       0x0000000000000050       0x51 ./Core/Src/keypad.o
 .comment       0x0000000000000050       0x51 ./Core/Src/main.o
 .comment       0x0000000000000050       0x51 ./Core/Src/stm32l4xx_hal_msp.o
 .comment       0x0000000000000050       0x51 ./Core/Src/stm32l4xx_it.o
 .comment       0x0000000000000050       0x51 ./Core/Src/system_stm32l4xx.o
 .comment       0x0000000000000050       0x51 ./Drivers/STM32L4xx_HAL_Driver/Src/stm32l4xx_hal.o
 .comment       0x0000000000000050       0x51 ./Drivers/STM32L4xx_HAL_Driver/Src/stm32l4xx_hal_cortex.o
 .comment       0x0000000000000050       0x51 ./Drivers/STM32L4xx_HAL_Driver/Src/stm32l4xx_hal_pwr_ex.o
 .comment       0x0000000000000050       0x51 ./Drivers/STM32L4xx_HAL_Driver/Src/stm32l4xx_hal_rcc.o

.debug_frame    0x0000000000000000     0x19b4
 .debug_frame   0x0000000000000000      0x198 ./Core/Src/7seg.o
 .debug_frame   0x0000000000000198      0x148 ./Core/Src/helper_functions.o
 .debug_frame   0x00000000000002e0       0x88 ./Core/Src/keypad.o
 .debug_frame   0x0000000000000368      0x1fc ./Core/Src/main.o
 .debug_frame   0x0000000000000564       0x38 ./Core/Src/stm32l4xx_hal_msp.o
 .debug_frame   0x000000000000059c      0x104 ./Core/Src/stm32l4xx_it.o
 .debug_frame   0x00000000000006a0       0x58 ./Core/Src/system_stm32l4xx.o
 .debug_frame   0x00000000000006f8      0x498 ./Drivers/STM32L4xx_HAL_Driver/Src/stm32l4xx_hal.o
 .debug_frame   0x0000000000000b90      0x498 ./Drivers/STM32L4xx_HAL_Driver/Src/stm32l4xx_hal_cortex.o
 .debug_frame   0x0000000000001028      0x584 ./Drivers/STM32L4xx_HAL_Driver/Src/stm32l4xx_hal_pwr_ex.o
 .debug_frame   0x00000000000015ac      0x21c ./Drivers/STM32L4xx_HAL_Driver/Src/stm32l4xx_hal_rcc.o
 .debug_frame   0x00000000000017c8       0x2c /opt/st/stm32cubeide_1.12.0/plugins/com.st.stm32cube.ide.mcu.externaltools.gnu-tools-for-stm32.10.3-2021.10.linux64_1.0.200.202301161003/tools/bin/../lib/gcc/arm-none-eabi/10.3.1/../../../../arm-none-eabi/lib/thumb/v7e-m+fp/hard/libc_nano.a(lib_a-init.o)
 .debug_frame   0x00000000000017f4       0x20 /opt/st/stm32cubeide_1.12.0/plugins/com.st.stm32cube.ide.mcu.externaltools.gnu-tools-for-stm32.10.3-2021.10.linux64_1.0.200.202301161003/tools/bin/../lib/gcc/arm-none-eabi/10.3.1/../../../../arm-none-eabi/lib/thumb/v7e-m+fp/hard/libc_nano.a(lib_a-memset.o)
 .debug_frame   0x0000000000001814       0x30 /opt/st/stm32cubeide_1.12.0/plugins/com.st.stm32cube.ide.mcu.externaltools.gnu-tools-for-stm32.10.3-2021.10.linux64_1.0.200.202301161003/tools/bin/../lib/gcc/arm-none-eabi/10.3.1/thumb/v7e-m+fp/hard/libgcc.a(_arm_muldf3.o)
 .debug_frame   0x0000000000001844       0xac /opt/st/stm32cubeide_1.12.0/plugins/com.st.stm32cube.ide.mcu.externaltools.gnu-tools-for-stm32.10.3-2021.10.linux64_1.0.200.202301161003/tools/bin/../lib/gcc/arm-none-eabi/10.3.1/thumb/v7e-m+fp/hard/libgcc.a(_arm_addsubdf3.o)
 .debug_frame   0x00000000000018f0       0xc4 /opt/st/stm32cubeide_1.12.0/plugins/com.st.stm32cube.ide.mcu.externaltools.gnu-tools-for-stm32.10.3-2021.10.linux64_1.0.200.202301161003/tools/bin/../lib/gcc/arm-none-eabi/10.3.1/thumb/v7e-m+fp/hard/libgcc.a(_arm_cmpdf2.o)
