../Core/Src/main.c:70:5:check_press	24	static
../Core/Src/main.c:73:6:display	24	static
../Core/Src/main.c:81:5:get_keyboard_input	24	static
../Core/Src/main.c:93:6:input_num	48	static
../Core/Src/main.c:130:6:calculate	40	static
../Core/Src/main.c:150:6:part1	32	static
../Core/Src/main.c:173:5:input_checkError	40	static
../Core/Src/main.c:205:5:BODMAS	120	static
../Core/Src/main.c:238:6:part3	120	static
../Core/Src/main.c:268:6:input_multi	128	static
../Core/Src/main.c:319:6:part4	8	static
../Core/Src/main.c:329:5:main	16	static
../Core/Src/main.c:390:6:SystemClock_Config	96	static
../Core/Src/main.c:438:6:Error_Handler	4	static,ignoring_inline_asm
